// Jest Snapshot v1, https://goo.gl/fbAQLP

exports[`Pruebas de <GifGrid/> debe cargar el componente correctamente 1`] = `
<Fragment>
  <h3
    className="animate__animated animate__fadeIn"
  >
    categoria
  </h3>
  <p
    className="animate__animated animate__rubberBand"
  >
    Loading...
  </p>
  <div
    className="card-grid"
  />
</Fragment>
`;
